2026-09-24T05:44:23Z INF Thank you for trying Cloudflare Tunnel. Doing so, without a Cloudflare account, is a quick way to experiment and try it out. However, be aware that these account-less Tunnels have no uptime guarantee, are subject to the Cloudflare Online Services Terms of Use (https://www.cloudflare.com/website-terms/), and Cloudflare reserves the right to investigate your use of Tunnels for violations of such terms. If you intend to use Tunnels in production you should use a pre-created named tunnel by following: https://developers.cloudflare.com/cloudflare-one/connections/connect-apps
2026-09-24T05:44:23Z INF Requesting new quick Tunnel on trycloudflare.com...
2026-09-24T05:44:30Z INF +--------------------------------------------------------------------------------------------+
2026-09-24T05:44:30Z INF |  Your quick Tunnel has been created! Visit it at (it may take some time to be reachable):  |
2026-09-24T05:44:30Z INF |  https://seq-sensitive-athletes-opens.trycloudflare.com                                    |
2026-09-24T05:44:30Z INF +--------------------------------------------------------------------------------------------+
2026-09-24T05:44:30Z INF Cannot determine default configuration path. No file [config.yml config.yaml] in [~/.cloudflared ~/.cloudflare-warp ~/cloudflare-warp]
2026-09-24T05:44:30Z INF Version 2026.9.1 (Checksum 2837888cc0f5d58f15b6dc478376de90b4d3ba5241c7947455d1e0a0df429712)
2026-09-24T05:44:30Z INF GOOS: windows, GOVersion: go1.26.8, GoArch: amd64
2026-09-24T05:44:30Z INF Settings: map[ha-connections:1 no-autoupdate:true protocol:quic url:http://127.0.0.1:8000]
2026-09-24T05:44:30Z INF cloudflared will not automatically update on Windows systems.
2026-09-24T05:44:30Z INF Generated Connector ID: e4aa3cf5-c862-430d-b8af-47e0a6ac615d
2026-09-24T05:44:30Z INF Initial protocol quic
2026-09-24T05:44:30Z INF ICMP proxy will use 10.220.80.242 as source for IPv4
2026-09-24T05:44:30Z INF ICMP proxy will use fe80::2585:3c28:add4:3645 in zone Local Area Connection* 1 as source for IPv6
2026-09-24T05:44:30Z INF cloudflared does not support loading the system root certificate pool on Windows. Please use --origin-ca-pool <PATH> to specify the path to the certificate pool
2026-09-24T05:44:30Z INF ICMP proxy will use 10.220.80.242 as source for IPv4
2026-09-24T05:44:30Z INF Tunnel connection curve preferences: [X25519MLKEM768 CurveID(65074) CurveP256] connIndex=0 event=0 ip=198.41.192.47
2026-09-24T05:44:30Z INF ICMP proxy will use fe80::2585:3c28:add4:3645 in zone Local Area Connection* 1 as source for IPv6
2026-09-24T05:44:30Z INF Starting metrics server on 127.0.0.1:20241/metrics
2026-09-24T05:44:31Z INF +-------------------------------------------------------------------------------------+
2026-09-24T05:44:31Z INF |                               CONNECTIVITY PRE-CHECKS                               |
2026-09-24T05:44:31Z INF +-------------------------------------------------------------------------------------+
2026-09-24T05:44:31Z INF |  COMPONENT         TARGET                     STATUS  DETAILS                       |
2026-09-24T05:44:31Z INF |  DNS Resolution    region1.v2.argotunnel.com  PASS    DNS Resolved successfully     |
2026-09-24T05:44:31Z INF |  DNS Resolution    region2.v2.argotunnel.com  PASS    DNS Resolved successfully     |
2026-09-24T05:44:31Z INF |  UDP Connectivity  region1.v2.argotunnel.com  PASS    QUIC connection successful    |
2026-09-24T05:44:31Z INF |  UDP Connectivity  region2.v2.argotunnel.com  PASS    QUIC connection successful    |
2026-09-24T05:44:31Z INF |  TCP Connectivity  region1.v2.argotunnel.com  PASS    HTTP/2 connection successful  |
2026-09-24T05:44:31Z INF |  TCP Connectivity  region2.v2.argotunnel.com  PASS    HTTP/2 connection successful  |
2026-09-24T05:44:31Z INF |  Cloudflare API    api.cloudflare.com:443     PASS    API is reachable              |
2026-09-24T05:44:31Z INF |                                                                                     |
2026-09-24T05:44:31Z INF |  SUMMARY: Environment is healthy. cloudflared will use 'quic' as primary protocol.  |
2026-09-24T05:44:31Z INF +-------------------------------------------------------------------------------------+
2026-09-24T05:44:31Z INF precheck component="DNS Resolution" details="DNS Resolved successfully" run_id=e93bd36a-6b88-4125-8547-a242fef3c80f status=pass target=region1.v2.argotunnel.com
2026-09-24T05:44:31Z INF precheck component="DNS Resolution" details="DNS Resolved successfully" run_id=e93bd36a-6b88-4125-8547-a242fef3c80f status=pass target=region2.v2.argotunnel.com
2026-09-24T05:44:31Z INF precheck component="UDP Connectivity" details="QUIC connection successful" run_id=e93bd36a-6b88-4125-8547-a242fef3c80f status=pass target=region1.v2.argotunnel.com
2026-09-24T05:44:31Z INF precheck component="UDP Connectivity" details="QUIC connection successful" run_id=e93bd36a-6b88-4125-8547-a242fef3c80f status=pass target=region2.v2.argotunnel.com
2026-09-24T05:44:31Z INF precheck component="TCP Connectivity" details="HTTP/2 connection successful" run_id=e93bd36a-6b88-4125-8547-a242fef3c80f status=pass target=region1.v2.argotunnel.com
2026-09-24T05:44:31Z INF precheck component="TCP Connectivity" details="HTTP/2 connection successful" run_id=e93bd36a-6b88-4125-8547-a242fef3c80f status=pass target=region2.v2.argotunnel.com
2026-09-24T05:44:31Z INF precheck component="Cloudflare API" details="API is reachable" run_id=e93bd36a-6b88-4125-8547-a242fef3c80f status=pass target=api.cloudflare.com:443
2026-09-24T05:44:31Z INF precheck complete hard_fail=false run_id=e93bd36a-6b88-4125-8547-a242fef3c80f suggested_protocol=quic
2026-09-24T05:44:31Z INF Registered tunnel connection connIndex=0 connection=ddf8fa2a-cd4b-4ed1-8c9b-de9b74a0b486 event=0 ip=198.41.192.47 location=del02 protocol=quic
